Traceback (most recent call last):
  File "C:\Users\skmel\AppData\Local\Programs\Python\Python310\lib\site-packages\jupyter_cache\executors\utils.py", line 58, in single_nb_execution
    executenb(
  File "C:\Users\skmel\AppData\Local\Programs\Python\Python310\lib\site-packages\nbclient\client.py", line 1305, in execute
    return NotebookClient(nb=nb, resources=resources, km=km, **kwargs).execute()
  File "C:\Users\skmel\AppData\Local\Programs\Python\Python310\lib\site-packages\jupyter_core\utils\__init__.py", line 166, in wrapped
    return loop.run_until_complete(inner)
  File "C:\Users\skmel\AppData\Local\Programs\Python\Python310\lib\asyncio\base_events.py", line 646, in run_until_complete
    return future.result()
  File "C:\Users\skmel\AppData\Local\Programs\Python\Python310\lib\site-packages\nbclient\client.py", line 705, in async_execute
    await self.async_execute_cell(
  File "C:\Users\skmel\AppData\Local\Programs\Python\Python310\lib\site-packages\nbclient\client.py", line 1058, in async_execute_cell
    await self._check_raise_for_error(cell, cell_index, exec_reply)
  File "C:\Users\skmel\AppData\Local\Programs\Python\Python310\lib\site-packages\nbclient\client.py", line 914, in _check_raise_for_error
    raise CellExecutionError.from_cell_and_msg(cell, exec_reply_content)
nbclient.exceptions.CellExecutionError: An error occurred while executing the following cell:
------------------
import pandas as pd
import matplotlib.pyplot as plt
from scipy.optimize import curve_fit

df = pd.read_csv("fallende_terning.csv", decimal=".", delimiter=";")

t = df["t"]
y = df["y"]

def modell_y(t, g):
    return - 0.5 * g * t **2

g = curve_fit(modell_y, t, y)[0][0]

print(f"Modellen vår finner en verdi for g = {g:.4f} m/s^2")

plt.scatter(t, y, label="Posisjon")
plt.plot(t, modell_y(t, g), label=f"Modell for g = {g:.2f}", color="red")
plt.plot(t, modell_y(t, 9.81), label=f"Modell for g = 9.81", color="orange")
plt.xlabel("tid (sekunder)")
plt.ylabel("y (meter)")
plt.legend()
plt.show()
------------------

----- stderr -----
C:\Users\skmel\AppData\Local\Programs\Python\Python310\lib\site-packages\scipy\__init__.py:145: UserWarning: A NumPy version >=1.21.6 and <1.28.0 is required for this version of SciPy (detected version 2.2.6)
  warnings.warn(f"A NumPy version >={np_minversion} and <{np_maxversion}"
------------------

[1;31m---------------------------------------------------------------------------[0m
[1;31mImportError[0m                               Traceback (most recent call last)
Cell [1;32mIn[5], line 3[0m
[0;32m      1[0m [38;5;28;01mimport[39;00m [38;5;21;01mpandas[39;00m [38;5;28;01mas[39;00m [38;5;21;01mpd[39;00m
[0;32m      2[0m [38;5;28;01mimport[39;00m [38;5;21;01mmatplotlib[39;00m[38;5;21;01m.[39;00m[38;5;21;01mpyplot[39;00m [38;5;28;01mas[39;00m [38;5;21;01mplt[39;00m
[1;32m----> 3[0m [38;5;28;01mfrom[39;00m [38;5;21;01mscipy[39;00m[38;5;21;01m.[39;00m[38;5;21;01moptimize[39;00m [38;5;28;01mimport[39;00m curve_fit
[0;32m      5[0m df [38;5;241m=[39m pd[38;5;241m.[39mread_csv([38;5;124m"[39m[38;5;124mfallende_terning.csv[39m[38;5;124m"[39m, decimal[38;5;241m=[39m[38;5;124m"[39m[38;5;124m.[39m[38;5;124m"[39m, delimiter[38;5;241m=[39m[38;5;124m"[39m[38;5;124m;[39m[38;5;124m"[39m)
[0;32m      7[0m t [38;5;241m=[39m df[[38;5;124m"[39m[38;5;124mt[39m[38;5;124m"[39m]

File [1;32m~\AppData\Local\Programs\Python\Python310\lib\site-packages\scipy\optimize\__init__.py:409[0m
[0;32m      1[0m [38;5;124;03m"""[39;00m
[0;32m      2[0m [38;5;124;03m=====================================================[39;00m
[0;32m      3[0m [38;5;124;03mOptimization and root finding (:mod:`scipy.optimize`)[39;00m
[1;32m   (...)[0m
[0;32m    406[0m 
[0;32m    407[0m [38;5;124;03m"""[39;00m  [38;5;66;03m# noqa: E501[39;00m
[1;32m--> 409[0m [38;5;28;01mfrom[39;00m [38;5;21;01m.[39;00m[38;5;21;01m_optimize[39;00m [38;5;28;01mimport[39;00m [38;5;241m*[39m
[0;32m    410[0m [38;5;28;01mfrom[39;00m [38;5;21;01m.[39;00m[38;5;21;01m_minimize[39;00m [38;5;28;01mimport[39;00m [38;5;241m*[39m
[0;32m    411[0m [38;5;28;01mfrom[39;00m [38;5;21;01m.[39;00m[38;5;21;01m_root[39;00m [38;5;28;01mimport[39;00m [38;5;241m*[39m

File [1;32m~\AppData\Local\Programs\Python\Python310\lib\site-packages\scipy\optimize\_optimize.py:31[0m
[0;32m     29[0m [38;5;28;01mimport[39;00m [38;5;21;01msys[39;00m
[0;32m     30[0m [38;5;28;01mimport[39;00m [38;5;21;01minspect[39;00m
[1;32m---> 31[0m [38;5;28;01mfrom[39;00m [38;5;21;01mnumpy[39;00m [38;5;28;01mimport[39;00m (atleast_1d, eye, argmin, zeros, shape, squeeze,
[0;32m     32[0m                    asarray, sqrt, Inf)
[0;32m     33[0m [38;5;28;01mimport[39;00m [38;5;21;01mnumpy[39;00m [38;5;28;01mas[39;00m [38;5;21;01mnp[39;00m
[0;32m     34[0m [38;5;28;01mfrom[39;00m [38;5;21;01mscipy[39;00m[38;5;21;01m.[39;00m[38;5;21;01msparse[39;00m[38;5;21;01m.[39;00m[38;5;21;01mlinalg[39;00m [38;5;28;01mimport[39;00m LinearOperator

[1;31mImportError[0m: cannot import name 'Inf' from 'numpy' (C:\Users\skmel\AppData\Local\Programs\Python\Python310\lib\site-packages\numpy\__init__.py)

