Traceback (most recent call last):
  File "C:\Users\skmel\AppData\Local\Programs\Python\Python310\lib\site-packages\jupyter_cache\executors\utils.py", line 58, in single_nb_execution
    executenb(
  File "C:\Users\skmel\AppData\Local\Programs\Python\Python310\lib\site-packages\nbclient\client.py", line 1305, in execute
    return NotebookClient(nb=nb, resources=resources, km=km, **kwargs).execute()
  File "C:\Users\skmel\AppData\Local\Programs\Python\Python310\lib\site-packages\jupyter_core\utils\__init__.py", line 166, in wrapped
    return loop.run_until_complete(inner)
  File "C:\Users\skmel\AppData\Local\Programs\Python\Python310\lib\asyncio\base_events.py", line 646, in run_until_complete
    return future.result()
  File "C:\Users\skmel\AppData\Local\Programs\Python\Python310\lib\site-packages\nbclient\client.py", line 705, in async_execute
    await self.async_execute_cell(
  File "C:\Users\skmel\AppData\Local\Programs\Python\Python310\lib\site-packages\nbclient\client.py", line 1058, in async_execute_cell
    await self._check_raise_for_error(cell, cell_index, exec_reply)
  File "C:\Users\skmel\AppData\Local\Programs\Python\Python310\lib\site-packages\nbclient\client.py", line 914, in _check_raise_for_error
    raise CellExecutionError.from_cell_and_msg(cell, exec_reply_content)
nbclient.exceptions.CellExecutionError: An error occurred while executing the following cell:
------------------
from scipy.optimize import curve_fit
import numpy as np
import matplotlib.pyplot as plt

# Datapunkter (i arrays)
x = np.array([2015, 2016, 2017, 2018, 2019, 2020, 2021, 2022]) # År etter 2015
y = np.array([100, 103.6, 105.5, 108.4, 110.8, 112.2, 116.1, 122.8]) # Konsumprisindeks

# Definerer den matematiske funksjonen
def f(x, a, b):
    return a * x + b

# Finner koeffisienter
a, b = curve_fit(f, x, y)[0]

print("a:", a) # Skriver ut a-verdien
print("b:", b) # Skriver ut b-verdien

plt.scatter(x, y)
plt.plot(x, f(x, a, b), color = "tab:red") 
plt.xlabel("År etter 2015")
plt.ylabel("Konsumprisindeks (KPI)")
plt.show()
------------------

----- stderr -----
C:\Users\skmel\AppData\Local\Programs\Python\Python310\lib\site-packages\scipy\__init__.py:145: UserWarning: A NumPy version >=1.21.6 and <1.28.0 is required for this version of SciPy (detected version 2.2.6)
  warnings.warn(f"A NumPy version >={np_minversion} and <{np_maxversion}"
------------------

[1;31m---------------------------------------------------------------------------[0m
[1;31mImportError[0m                               Traceback (most recent call last)
Cell [1;32mIn[3], line 1[0m
[1;32m----> 1[0m [38;5;28;01mfrom[39;00m [38;5;21;01mscipy[39;00m[38;5;21;01m.[39;00m[38;5;21;01moptimize[39;00m [38;5;28;01mimport[39;00m curve_fit
[0;32m      2[0m [38;5;28;01mimport[39;00m [38;5;21;01mnumpy[39;00m [38;5;28;01mas[39;00m [38;5;21;01mnp[39;00m
[0;32m      3[0m [38;5;28;01mimport[39;00m [38;5;21;01mmatplotlib[39;00m[38;5;21;01m.[39;00m[38;5;21;01mpyplot[39;00m [38;5;28;01mas[39;00m [38;5;21;01mplt[39;00m

File [1;32m~\AppData\Local\Programs\Python\Python310\lib\site-packages\scipy\optimize\__init__.py:409[0m
[0;32m      1[0m [38;5;124;03m"""[39;00m
[0;32m      2[0m [38;5;124;03m=====================================================[39;00m
[0;32m      3[0m [38;5;124;03mOptimization and root finding (:mod:`scipy.optimize`)[39;00m
[1;32m   (...)[0m
[0;32m    406[0m 
[0;32m    407[0m [38;5;124;03m"""[39;00m  [38;5;66;03m# noqa: E501[39;00m
[1;32m--> 409[0m [38;5;28;01mfrom[39;00m [38;5;21;01m.[39;00m[38;5;21;01m_optimize[39;00m [38;5;28;01mimport[39;00m [38;5;241m*[39m
[0;32m    410[0m [38;5;28;01mfrom[39;00m [38;5;21;01m.[39;00m[38;5;21;01m_minimize[39;00m [38;5;28;01mimport[39;00m [38;5;241m*[39m
[0;32m    411[0m [38;5;28;01mfrom[39;00m [38;5;21;01m.[39;00m[38;5;21;01m_root[39;00m [38;5;28;01mimport[39;00m [38;5;241m*[39m

File [1;32m~\AppData\Local\Programs\Python\Python310\lib\site-packages\scipy\optimize\_optimize.py:31[0m
[0;32m     29[0m [38;5;28;01mimport[39;00m [38;5;21;01msys[39;00m
[0;32m     30[0m [38;5;28;01mimport[39;00m [38;5;21;01minspect[39;00m
[1;32m---> 31[0m [38;5;28;01mfrom[39;00m [38;5;21;01mnumpy[39;00m [38;5;28;01mimport[39;00m (atleast_1d, eye, argmin, zeros, shape, squeeze,
[0;32m     32[0m                    asarray, sqrt, Inf)
[0;32m     33[0m [38;5;28;01mimport[39;00m [38;5;21;01mnumpy[39;00m [38;5;28;01mas[39;00m [38;5;21;01mnp[39;00m
[0;32m     34[0m [38;5;28;01mfrom[39;00m [38;5;21;01mscipy[39;00m[38;5;21;01m.[39;00m[38;5;21;01msparse[39;00m[38;5;21;01m.[39;00m[38;5;21;01mlinalg[39;00m [38;5;28;01mimport[39;00m LinearOperator

[1;31mImportError[0m: cannot import name 'Inf' from 'numpy' (C:\Users\skmel\AppData\Local\Programs\Python\Python310\lib\site-packages\numpy\__init__.py)

